bun test v1.2.14 (6a363a38)

src/lib/actions/lists.reorder.test.ts:

# Unhandled error between tests
-------------------------------
61 | <<<<<<< HEAD
     ^
error: Unexpected <<
    at /app/src/lib/actions/lists.ts:61:1
-------------------------------


 0 pass
 1 fail
 1 error
Ran 1 tests across 1 files. [529.00ms]
